<?xml version="1.0" encoding="UTF-8"?>
<Package xmlns="http://soap.sforce.com/2006/04/metadata">
    <types>
        <members>OpenAPIChallenge</members>
        <members>OpenAPIChallengeJson</members>
        <name>ExternalServiceRegistration</name>
    </types>
    <version>60.0</version>
</Package>
