<?xml version="1.0" encoding="UTF-8"?>
<CustomLabel xmlns="http://soap.sforce.com/2006/04/metadata">
    <fullName>KeepMe2</fullName>
    <language>en_US</language>
    <protected>true</protected>
    <shortDescription>KeepMe2</shortDescription>
    <value>Test</value>
</CustomLabel>
