<?xml version="1.0" encoding="UTF-8"?>
<Report xmlns="http://soap.sforce.com/2006/04/metadata">
    <columns>
        <field>DUE_DATE</field>
    </columns>
    <columns>
        <field>USERS.NAME</field>
    </columns>
    <columns>
        <field>ACCOUNT.NAME</field>
    </columns>
    <columns>
        <field>ADDRESS1_STATE</field>
    </columns>
    <columns>
        <field>TYPE</field>
    </columns>
    <columns>
        <field>RATING</field>
    </columns>
    <columns>
        <field>LAST_UPDATE</field>
    </columns>
    <format>Tabular</format>
    <name>Report in Child Folder</name>
    <params>
        <name>co</name>
        <value>1</value>
    </params>
    <reportType>AccountList</reportType>
    <scope>user</scope>
    <showDetails>true</showDetails>
    <showGrandTotal>true</showGrandTotal>
    <showSubTotals>true</showSubTotals>
    <timeFrameFilter>
        <dateColumn>CREATED_DATE</dateColumn>
        <interval>INTERVAL_CUSTOM</interval>
        <startDate>2021-09-03</startDate>
    </timeFrameFilter>
</Report>
