{
  "name": "WaveXMD",
  "label": "WaveXMD",
  "description": null,
  "featuredAssets": {},
  "shares": []
}
