<?xml version="1.0" encoding="UTF-8"?>
<SharingOwnerRule xmlns="http://soap.sforce.com/2006/04/metadata">
    <fullName>AcctOwner_toPartner_fromCustomerPortal</fullName>
    <accessLevel>Read</accessLevel>
    <accountSettings>
        <caseAccessLevel>None</caseAccessLevel>
        <contactAccessLevel>Read</contactAccessLevel>
        <opportunityAccessLevel>None</opportunityAccessLevel>
    </accountSettings>
    <label>AcctOwner_toPartner_fromCustomerPortal</label>
    <sharedTo>
        <allPartnerUsers></allPartnerUsers>
    </sharedTo>
    <sharedFrom>
        <allCustomerPortalUsers></allCustomerPortalUsers>
    </sharedFrom>
</SharingOwnerRule>
