<?xml version="1.0" encoding="UTF-8"?>
<SharingOwnerRule xmlns="http://soap.sforce.com/2006/04/metadata">
    <fullName>owner_FromTerrsAndSub_ToTerrs</fullName>
    <accessLevel>Read</accessLevel>
    <accountSettings>
        <caseAccessLevel>None</caseAccessLevel>
        <contactAccessLevel>Read</contactAccessLevel>
        <opportunityAccessLevel>None</opportunityAccessLevel>
    </accountSettings>
    <label>owner_FromTerrsAndSub_ToTerrs</label>
    <sharedTo>
        <territories>Territory_1</territories>
    </sharedTo>
    <sharedFrom>
        <territoriesAndSubordinates>Territory_1</territoriesAndSubordinates>
    </sharedFrom>
</SharingOwnerRule>
