<?xml version="1.0" encoding="UTF-8"?>
<FieldPermission xmlns="http://soap.sforce.com/2006/04/metadata">
    <editable>true</editable>
    <field>Property__c.Description__c</field>
    <readable>true</readable>
</FieldPermission>
