<?xml version="1.0" encoding="UTF-8"?>
<DigitalExperienceBundle xmlns="http://soap.sforce.com/2006/04/metadata">
  <description>meta space a</description>
  <label>Capricorn_Coffee_A1</label>
</DigitalExperienceBundle>
