<?xml version="1.0" encoding="UTF-8"?>
<CustomField xmlns="http://soap.sforce.com/2006/04/metadata">
    <fullName>Example__c</fullName>
    <description>This is an example picklist field</description>
    <externalId>false</externalId>
    <inlineHelpText>Please choose an option</inlineHelpText>
    <label>Example</label>
    <required>false</required>
    <trackFeedHistory>false</trackFeedHistory>
    <type>Picklist</type>
    <valueSet>
        <valueSetDefinition>
            <sorted>false</sorted>
            <value>
                <fullName>One</fullName>
                <default>false</default>
                <label>One</label>
            </value>
            <value>
                <fullName>Two</fullName>
                <default>false</default>
                <label>Two</label>
            </value>
        </valueSetDefinition>
    </valueSet>
</CustomField>
