<?xml version="1.0" encoding="UTF-8"?>
<Package xmlns="http://soap.sforce.com/2006/04/metadata">
    <types>
        <members>Broker__c.Title__c</members>
        <name>CustomField</name>
    </types>
    <types>
        <members>Broker__c</members>
        <name>CustomObject</name>
    </types>
    <version>59.0</version>
</Package>
