<?xml version="1.0" encoding="UTF-8"?>
<WorkflowAlert xmlns="http://soap.sforce.com/2006/04/metadata">
    <fullName>emailalert1</fullName>
    <description>emailalert1</description>
    <protected>false</protected>
    <recipients>
        <recipient>user_tmp@salesforce.com</recipient>
        <type>user</type>
    </recipients>
    <senderType>CurrentUser</senderType>
    <template>emailtest/MarketingProductInquiryResponse</template>
</WorkflowAlert>
