<?xml version="1.0" encoding="UTF-8"?>
<Package xmlns="http://soap.sforce.com/2006/04/metadata">
    <types>
        <members>account.AcctCBS_toAllInternal</members>
        <name>SharingCriteriaRule</name>
    </types>
    <version>52.0</version>
</Package>
