{
  "fileFormat": {
    "charsetName": "UTF-8",
    "fieldsEnclosedBy": null,
    "fieldsDelimitedBy": ",",
    "linesTerminatedBy": "\r\n",
    "numberOfLinesToIgnore": null
  },
  "objects": [
    {
      "connector": "CSV",
      "description": null,
      "fullyQualifiedName": "Regional_Sales_Info_csv",
      "label": "Regional_Sales_Info.csv",
      "name": "Regional_Sales_Info_csv",
      "acl": null,
      "rowLevelSecurityFilter": null,
      "fields": [
        {
          "type": "Text",
          "name": "Billing_Country",
          "description": null,
          "fullyQualifiedName": "Billing_Country",
          "label": "Billing Country",
          "isSystemField": null,
          "isUniqueId": null,
          "scale": null,
          "precision": null,
          "defaultValue": null,
          "isMultiValue": null,
          "format": null,
          "multiValueSeparator": null,
          "fiscalMonthOffset": null,
          "acl": null,
          "decimalSeparator": null,
          "groupsSeparator": null,
          "isSkipped": null,
          "canTruncateValue": null,
          "currencySymbol": null,
          "timezoneInfo": null
        },
        {
          "type": "Numeric",
          "name": "Sum_of_Amount",
          "description": null,
          "fullyQualifiedName": "Sum_of_Amount",
          "label": "Sum of Amount",
          "isSystemField": null,
          "isUniqueId": null,
          "scale": 0,
          "precision": 18,
          "defaultValue": "0",
          "isMultiValue": null,
          "format": "0",
          "multiValueSeparator": null,
          "fiscalMonthOffset": null,
          "acl": null,
          "decimalSeparator": null,
          "groupsSeparator": null,
          "isSkipped": null,
          "canTruncateValue": null,
          "currencySymbol": null,
          "timezoneInfo": null
        }
      ]
    }
  ]
}
