<?xml version="1.0" encoding="UTF-8"?>
<Role xmlns="http://soap.sforce.com/2006/04/metadata">
    <caseAccessLevel>Edit</caseAccessLevel>
    <contactAccessLevel>Edit</contactAccessLevel>
    <mayForecastManagerShare>false</mayForecastManagerShare>
    <name>ur1507245197985</name>
    <opportunityAccessLevel>Edit</opportunityAccessLevel>
</Role>