<?xml version="1.0" encoding="UTF-8"?>
<PermissionSet>
    <objectPermissions>
        <allowCreate>true</allowCreate>
        <allowDelete>true</allowDelete>
        <allowEdit>true</allowEdit>
        <allowRead>true</allowRead>
        <modifyAllRecords>true</modifyAllRecords>
        <object>Broker__c</object>
        <viewAllRecords>true</viewAllRecords>
    </objectPermissions>
    <fieldPermissions>
        <editable>true</editable>
        <field>Broker__c.Broker_Id__c</field>
        <readable>true</readable>
    </fieldPermissions>
    <fieldPermissions>
        <editable>true</editable>
        <field>Broker__c.Email__c</field>
        <readable>true</readable>
    </fieldPermissions>
    <fieldPermissions>
        <editable>true</editable>
        <field>Broker__c.Mobile_Phone__c</field>
        <readable>true</readable>
    </fieldPermissions>
    <fieldPermissions>
        <editable>true</editable>
        <field>Broker__c.Phone__c</field>
        <readable>true</readable>
    </fieldPermissions>
    <fieldPermissions>
        <editable>false</editable>
        <field>Broker__c.Picture_IMG__c</field>
        <readable>true</readable>
    </fieldPermissions>
    <fieldPermissions>
        <editable>true</editable>
        <field>Broker__c.Picture__c</field>
        <readable>true</readable>
    </fieldPermissions>
    <tabSettings>
        <tab>Broker__c</tab>
        <visibility>Available</visibility>
    </tabSettings>
</PermissionSet>
