{
  "type": "sfdc_cms__site",
  "title": "Capricorn_Coffee_B",
  "contentBody": {
    "authenticationType": "AUTHENTICATED"
  }
}
