<?xml version="1.0" encoding="UTF-8"?>
<ClassAccess xmlns="http://soap.sforce.com/2006/04/metadata">
    <apexClass>PagedResult</apexClass>
    <enabled>true</enabled>
</ClassAccess>
