<?xml version="1.0" encoding="UTF-8"?>
<PermissionSet>
    <fieldPermissions>
        <editable>false</editable>
        <field>Account.Site</field>
        <readable>true</readable>
    </fieldPermissions>
    <objectPermissions>
        <allowCreate>false</allowCreate>
        <allowDelete>false</allowDelete>
        <allowEdit>false</allowEdit>
        <allowRead>true</allowRead>
        <modifyAllRecords>false</modifyAllRecords>
        <object>Account</object>
        <viewAllRecords>true</viewAllRecords>
    </objectPermissions>
</PermissionSet>
