<?xml version="1.0" encoding="UTF-8"?>
<Territory2 xmlns="http://soap.sforce.com/2006/04/metadata">
    <accountAccessLevel>Edit</accountAccessLevel>
    <caseAccessLevel>Edit</caseAccessLevel>
    <contactAccessLevel>Edit</contactAccessLevel>
    <name>Austin</name>
    <opportunityAccessLevel>Edit</opportunityAccessLevel>
    <parentTerritory>Texas</parentTerritory>
    <territory2Type>City</territory2Type>
</Territory2>
