<?xml version="1.0" encoding="UTF-8"?>
<Layout xmlns="http://soap.sforce.com/2006/04/metadata">
    <excludeButtons>Submit</excludeButtons>
    <layoutSections>
        <customLabel>true</customLabel>
        <detailHeading>true</detailHeading>
        <editHeading>true</editHeading>
        <label>Picture</label>
        <layoutColumns>
            <layoutItems>
                <behavior>Readonly</behavior>
                <field>Picture_IMG__c</field>
            </layoutItems>
            <layoutItems>
                <behavior>Edit</behavior>
                <field>Picture__c</field>
            </layoutItems>
        </layoutColumns>
        <style>OneColumn</style>
    </layoutSections>
    <layoutSections>
        <customLabel>false</customLabel>
        <detailHeading>false</detailHeading>
        <editHeading>true</editHeading>
        <label>Information</label>
        <layoutColumns>
            <layoutItems>
                <behavior>Required</behavior>
                <field>Name</field>
            </layoutItems>
            <layoutItems>
                <behavior>Edit</behavior>
                <field>Title__c</field>
            </layoutItems>
            <layoutItems>
                <behavior>Edit</behavior>
                <field>Email__c</field>
            </layoutItems>
            <layoutItems>
                <behavior>Readonly</behavior>
                <field>test__c</field>
            </layoutItems>
            <layoutItems>
                <behavior>Readonly</behavior>
                <field>aab__c</field>
            </layoutItems>
            <layoutItems>
                <behavior>Readonly</behavior>
                <field>a__c</field>
            </layoutItems>
            <layoutItems>
                <behavior>Edit</behavior>
                <field>b__c</field>
            </layoutItems>
            <layoutItems>
                <behavior>Readonly</behavior>
                <field>tester__c</field>
            </layoutItems>
            <layoutItems>
                <behavior>Readonly</behavior>
                <field>d__c</field>
            </layoutItems>
            <layoutItems>
                <behavior>Readonly</behavior>
                <field>testing__c</field>
            </layoutItems>
        </layoutColumns>
        <layoutColumns>
            <layoutItems>
                <behavior>Edit</behavior>
                <field>Phone__c</field>
            </layoutItems>
            <layoutItems>
                <behavior>Edit</behavior>
                <field>Mobile_Phone__c</field>
            </layoutItems>
            <layoutItems>
                <behavior>Edit</behavior>
                <field>OwnerId</field>
            </layoutItems>
        </layoutColumns>
        <style>TwoColumnsTopToBottom</style>
    </layoutSections>
    <layoutSections>
        <customLabel>false</customLabel>
        <detailHeading>false</detailHeading>
        <editHeading>true</editHeading>
        <label>System Information</label>
        <layoutColumns>
            <layoutItems>
                <behavior>Readonly</behavior>
                <field>CreatedById</field>
            </layoutItems>
        </layoutColumns>
        <layoutColumns>
            <layoutItems>
                <behavior>Readonly</behavior>
                <field>LastModifiedById</field>
            </layoutItems>
        </layoutColumns>
        <style>TwoColumnsTopToBottom</style>
    </layoutSections>
    <layoutSections>
        <customLabel>true</customLabel>
        <detailHeading>false</detailHeading>
        <editHeading>true</editHeading>
        <label>Custom Links</label>
        <layoutColumns/>
        <layoutColumns/>
        <layoutColumns/>
        <style>CustomLinks</style>
    </layoutSections>
    <relatedLists>
        <fields>NAME</fields>
        <fields>Address__c</fields>
        <fields>Price__c</fields>
        <fields>Beds__c</fields>
        <fields>Baths__c</fields>
        <relatedList>Property__c.Broker__c</relatedList>
    </relatedLists>
    <showEmailCheckbox>false</showEmailCheckbox>
    <showHighlightsPanel>false</showHighlightsPanel>
    <showInteractionLogPanel>false</showInteractionLogPanel>
    <showRunAssignmentRulesCheckbox>false</showRunAssignmentRulesCheckbox>
    <showSubmitAndAttachButton>false</showSubmitAndAttachButton>
    <summaryLayout>
        <masterLabel>00hR0000001UMHM</masterLabel>
        <sizeX>4</sizeX>
        <sizeY>0</sizeY>
        <summaryLayoutStyle>Default</summaryLayoutStyle>
    </summaryLayout>
</Layout>
