<?xml version="1.0" encoding="UTF-8"?>
<SharingCriteriaRule xmlns="http://soap.sforce.com/2006/04/metadata">
    <fullName>AcctCBS2_toTerritory</fullName>
    <accessLevel>Read</accessLevel>
    <accountSettings>
        <caseAccessLevel>None</caseAccessLevel>
        <contactAccessLevel>Read</contactAccessLevel>
        <opportunityAccessLevel>None</opportunityAccessLevel>
    </accountSettings>
    <label>AcctCBS_toTerritory</label>
    <sharedTo>
        <territory>Territory_1</territory>
    </sharedTo>
    <criteriaItems>
        <field>NumberOfEmployees</field>
        <operation>greaterThan</operation>
        <value>200</value>
    </criteriaItems>
    <criteriaItems>
        <field>BillingCity</field>
        <operation>notEqual</operation>
        <value>San Francisco</value>
    </criteriaItems>
</SharingCriteriaRule>
