<?xml version="1.0" encoding="UTF-8"?>
<SharingCriteriaRule xmlns="http://soap.sforce.com/2006/04/metadata">
    <fullName>criteria_rolesAndsubsPortal</fullName>
    <accessLevel>Read</accessLevel>
    <accountSettings>
        <caseAccessLevel>None</caseAccessLevel>
        <contactAccessLevel>Read</contactAccessLevel>
        <opportunityAccessLevel>None</opportunityAccessLevel>
    </accountSettings>
    <label>criteria_rolesAndsubsPortal</label>
    <sharedTo>
        <rolesAndSubordinates>ur1507245197985</rolesAndSubordinates>
    </sharedTo>
    <criteriaItems>
        <field>ShippingCountry</field>
        <operation>notEqual</operation>
        <value>Canada</value>
    </criteriaItems>
</SharingCriteriaRule>
