<?xml version="1.0" encoding="UTF-8"?>
<SharingCriteriaRule xmlns="http://soap.sforce.com/2006/04/metadata">
    <fullName>criteria_portalAndSubs</fullName>
    <accessLevel>Read</accessLevel>
    <accountSettings>
        <caseAccessLevel>None</caseAccessLevel>
        <contactAccessLevel>Read</contactAccessLevel>
        <opportunityAccessLevel>None</opportunityAccessLevel>
    </accountSettings>
    <label>criteria_portalAndSubs</label>
    <sharedTo>
        <portalRoleAndSubordinates>${portalRoleName}</portalRoleAndSubordinates>
    </sharedTo>
    <criteriaItems>
        <field>NumberOfEmployees</field>
        <operation>greaterThan</operation>
        <value>100</value>
    </criteriaItems>
</SharingCriteriaRule>
