<?xml version="1.0" encoding="UTF-8"?>
<SharingCriteriaRule xmlns="http://soap.sforce.com/2006/04/metadata">
    <fullName>criteria_mgrSubs</fullName>
    <accessLevel>Read</accessLevel>
    <accountSettings>
        <caseAccessLevel>None</caseAccessLevel>
        <contactAccessLevel>Read</contactAccessLevel>
        <opportunityAccessLevel>None</opportunityAccessLevel>
    </accountSettings>
    <label>criteria_mgrSubs</label>
    <sharedTo>
        <role>CEO</role>
    </sharedTo>
    <criteriaItems>
        <field>Name</field>
        <operation>contains</operation>
        <value>Test</value>
    </criteriaItems>
</SharingCriteriaRule>
