<?xml version="1.0" encoding="UTF-8"?>
<SharingCriteriaRule xmlns="http://soap.sforce.com/2006/04/metadata">
    <fullName>criteria_terrsAndSubs</fullName>
    <accessLevel>Read</accessLevel>
    <accountSettings>
        <caseAccessLevel>None</caseAccessLevel>
        <contactAccessLevel>Read</contactAccessLevel>
        <opportunityAccessLevel>None</opportunityAccessLevel>
    </accountSettings>
    <label>criteria_terrsAndSubs</label>
    <sharedTo>
        <territoriesAndSubordinates>Territory_1</territoriesAndSubordinates>
    </sharedTo>
    <criteriaItems>
        <field>BillingStreet</field>
        <operation>equals</operation>
        <value>Main</value>
    </criteriaItems>
</SharingCriteriaRule>
