<?xml version="1.0" encoding="UTF-8"?>
<SharingCriteriaRule xmlns="http://soap.sforce.com/2006/04/metadata">
    <fullName>criteria_roles</fullName>
    <accessLevel>Read</accessLevel>
    <accountSettings>
        <caseAccessLevel>None</caseAccessLevel>
        <contactAccessLevel>Read</contactAccessLevel>
        <opportunityAccessLevel>None</opportunityAccessLevel>
    </accountSettings>
    <label>criteria_roles</label>
    <sharedTo>
        <roles>role1</roles>
    </sharedTo>
    <criteriaItems>
        <field>NumberOfEmployees</field>
        <operation>lessThan</operation>
        <value>1000</value>
    </criteriaItems>
</SharingCriteriaRule>
