{
  "type": "sfdc_cms__route",
  "title": "Error",
  "contentBody": {
    "activeViewId": "error",
    "configurationTags": [],
    "pageAccess": "UseParent",
    "routeType": "error",
    "urlPrefix": "error"
  }
}
