<?xml version="1.0" encoding="UTF-8"?>
<CustomField xmlns="http://soap.sforce.com/2006/04/metadata">
    <fullName>completion__c</fullName>
    <defaultValue>false</defaultValue>
    <label>completion</label>
    <trackTrending>false</trackTrending>
    <type>Checkbox</type>
</CustomField>
