{
  "apiName": "Home",
  "type": "sfdc_cms__route",
  "path": "routes"
}
